---
source: src/ui/snapshot.rs
expression: styles(&buffer)
---
AAAAAAAAAAAAABCCCCCCCCCCC
BDDDDDDDDDDBBBBBBBBBBBBBBBBBBBBBBBBBBBBBBBBBBBBBBBBBBBBBBBBBBBBBBBBBBBBBBBBBBBBBBBBBBBBBBBBBBBBBBBBBBBBBBBBBBBBBBBBBBBBB
BCCCCCCCCCCCEEEEEEEEEEEEE..............................F..CCCCCCCCCCGGGGGGGGGGGGGGGHHHHHHHGGGGGGGGGGGGGGGGGHHHH........B
BCCCCCCCCCCCEEEEEEEEEEEEE..............................F..CCCCCCCCCCGHHHIIIIIIHHHHHHHHHHH..............................B
BCCCCCCCCCCCEEEEEEEEEEEEE..............................F..CCCCCCCCCCGGGGGGG...................F........................B
BCCCCCCCCCCCEEEEEEEEEEEEEHHHHHHHHHHHHHHHHHHHH.............CCCCCCCCCCGGGGGGHHHHHHHHHHHHHHHHHHHHHH.......................B
BBBBBBBBBBBBBBBBBBBBBBBBBBBBBBBBBBBBBBBBBBBBBBBBBBBBBBBBBBBBBBBBBBBBBBBBBBBBBBBBBBBBBBBBBBBBBBBBBBBBBBBBBBBBBBBBBBBBBBBB
BDDDDDDDDDDDDDDBBBBBBBBBBBBBBBBBBBBBBBBBBBBBBBBBBBBBBBBBBBBBBBBBBBBBBBBBBBBBBBBBBBBBBBBBBBBBBBBBBBBBBBBBBBBBBBBBBBBBBBBB
BAAAAAAAAAAAAAAAAAAAAAAAAAAAAAAAAAAAAAAAAAAAAAAAAAAAAAAAAAAAAAAAAAAAAAAAAAAAAAAAAAAAAAAAAAAAAAAAAAAAAAAAAAAAAAAAAAAAAAAB
BJJAAAAAAAAAAAAAAAAAAAAAAAAAAAAAAAAAAAAAAAAAAAAAAAAAAAAAAAAAAAAAAAAAAAAAAAAAAAAAAAAAAAAAAAAAAAAAAAAAAAAAAAAAAAAAAAAAAAAB
BKK.LLLLL.KKKKKKKKK.IIIIII.MMMMMMMMMMMMMM............NNNNNN...NNNNNNNNNN...............................................B
BHH.OOOOO.IIIIIIIII.NNNNNN.MMMMMMMMMMMMMM............NNNNNN...NNNNNNNNNN...............................................B
BHH.PPPPP.KKKKKKKKK.NNNNNN.QQQQQQQQQQQQQQ............NNNNNN...NNNNNNNNNN...............................................B
B......................................................................................................................B
B......................................................................................................................B
B......................................................................................................................B
B......................................................................................................................B
B......................................................................................................................B
B......................................................................................................................B
B......................................................................................................................B
B......................................................................................................................B
B......................................................................................................................B
BBBBBBBBBBBBBBBBBBBBBBBBBBBBBBBBBBBBBBBBBBBBBBBBBBBBBBBBBBBBBBBBBBBBBBBBBBBBBBBBBBBBBBBBBBBBBBBBBBBBBBBBBBBBBBBBBBBBBBBB
BBHHHHBBHHHHHHHHHHHBBRRRRRRRRRBBHHHHHHHHHHHHHBBHHHHHHHHHBBHHHHBBHHHHHHBBHHHHHHHBBBBBBBBBBBBBBBBBBBBBBBBBBBBBBBBBBBBBBBBB
BCCCC.HHHHHHHHHHHHHHHHHHHHHHHHHHHH.....................................................................................B
BAAAAAAAAAAAAAAAAAAAAAAAAAAAAAAAAAA....................................................................................B
BGGGGGGG..IIIIII..GGGGGGGG..GGGGGGGGGGGGGGGGGGG........................................................................B
BSSSSSSS..IIIIII..SSSSSSSS..SSSSSSSSSSSSSSSSSS.........................................................................B
BSSSSSSS..IIIIII..SSSSSSSS..SSSSSSSSSSSSSSSS...........................................................................B
B......................................................................................................................B
B......................................................................................................................B
B......................................................................................................................B
B......................................................................................................................B
B......................................................................................................................B
B......................................................................................................................B
BBBBBBBBBBBBBBBBBBBBBBBBBBBBBBBBBBBBBBBBBBBBBBBBBBBBBBBBBBBBBBBBBBBBBBBBBBBBBBBBBBBBBBBBBBBBBBBBBBBBBBBBBBBBBBBBBBBBBBBB
BDDDDDDDDBBBBBBBBBBBBBBBBBBBBBBBBBBBBBBBBBBBBBBBBBBBBBBBBBBBBBBBBBBBBBBBBBBBBBBBBBBBBBBBBBBBBBBBBBBBBBBBBBBBDDDDDDDDDDDB
BCCCCCCCHHHHHHHHH............................................CCCCCCHHHHHHHHH...........................................B
BBBBBBBBBBBBBBBBBBBBBBBBBBBBBBBBBBBBBBBBBBBBBBBBBBBBBBBBBBBBBBBBBBBBBBBBBBBBBBBBBBBBBBBBBBBBBBBBBBBBBBBBBBBBBBBBBBBBBBBB
TTHHHHHHTHHHHHHHHHTHHHHHHHHTTTTTHHHHHHTHHHHHHHHTHHHHHHHHTHHHHHHTHHHHHHHHHTTTHHHHHHHTHHHHHHTHHHHHH...............HHHHHHH

A fg=White bg=Indexed(236) mod=BOLD
B fg=Indexed(60) bg=Reset mod=NONE
C fg=Indexed(75) bg=Reset mod=BOLD
D fg=Indexed(179) bg=Reset mod=BOLD
E fg=Indexed(221) bg=Reset mod=BOLD
F fg=Indexed(236) bg=Reset mod=NONE
G fg=White bg=Reset mod=BOLD
H fg=Indexed(245) bg=Reset mod=NONE
I fg=Indexed(114) bg=Reset mod=NONE
J fg=Indexed(82) bg=Indexed(236) mod=BOLD
K fg=Indexed(221) bg=Reset mod=NONE
L fg=White bg=Reset mod=NONE
M fg=Indexed(173) bg=Reset mod=NONE
N fg=Indexed(238) bg=Reset mod=NONE
O fg=Indexed(251) bg=Reset mod=NONE
P fg=Indexed(244) bg=Reset mod=NONE
Q fg=Indexed(110) bg=Reset mod=NONE
R fg=Indexed(179) bg=Reset mod=BOLD | UNDERLINED
S fg=Indexed(250) bg=Reset mod=NONE
T fg=Black bg=Indexed(75) mod=BOLD
