---
source: src/ui/snapshot.rs
expression: screen
---
 1:Dashboard │ + Tab (t)
╭ Overview ────────────────────────────────────────────────────────────────────────────────────────────────────────────╮
│Live rate         $0.╭ Help ────────────────────────────────────────── cctop VERSION            ╮onnet-4-5 32%        │
│Today             $8.│Start here                                                                ┃                     │
│This month        $0.│  Enter            Everything you can do to this row, in one menu         ┃                     │
│All time         $28.│  ?  F1            This page                                              ┃                     │
╰─────────────────────│  ,                Settings and keybinds, and the file that holds them    ┃─────────────────────╯
╭ Sessions (4) ───────│  q  F10           Quit                                                   ┃─────────────────────╮
│   LAST▲    DUR      │  +                Add a Claude account (runs claude setup-token)         ┃ANCH       PROJECT   │
│●    now     1h    $1│                                                                          ┃           Fix the c…│
│●     7m     2h     $│Navigation                                                                ┃           api       │
│○     3h     1h     $│  ↑/k  ↓/j         Move between sessions                                  ┃           docs      │
│○     2d    12h     $│  PgUp / PgDn      Page through the list                                  │           infra     │
│                     │  Ctrl+U / Ctrl+D  Half a page up / down                                  │                     │
│                     │  g / G  Home / End Jump to first / last                                  │                     │
│                     │  n / N            Next / previous search match (wraps)                   │                     │
│                     │  b                Jump to the session that rang last                     │                     │
│                     │  f                Follow mode: keep the selection centered               │                     │
│                     │                                                                          │                     │
│                     │Acting on the selected session                                            │                     │
│                     │  a                Open its terminal in a tab                             │                     │
│                     │  R                Resume it in a tab of its own                          │                     │
╰─────────────────────│  s                Type a line into its terminal                          │─────────────────────╯
╭ Info  Performance  P│  O                Hand its context off to a different agent              │─────────────────────╮
│Root /usr/bin/claude │  i                Read its conversation (works on remote rows)           │                     │
│    PID    CPU%      │    [ / ]  m       In it: previous / next turn, markdown source           │                     │
│   4101    9.8%    36│  y                Copy resume command or transcript path                 │                     │
│   4188    2.4%     4│  e / E            Show its subagents / all subagents                     │                     │
│   4290    0.3%      │  d                Delete it (only when it is not running)                │                     │
│                     │  Ctrl+K           Terminate it                                           │                     │
│                     │                                                                          │                     │
│                     │Several at once                                                           │                     │
│                     │  Space            Mark / unmark the selected session                     │                     │
│                     │  U                Clear all marks                                        │                     │
│                     │  D                Delete all marked sessions                             │                     │
╰─────────────────────│  K                Terminate all marked live sessions                     │─────────────────────╯
╭ Limits ─────────────│  I                Idle view: live sessions quiet for idle_after          │────────── + account ╮
│Claude checking…     │                   (6h by default), the biggest memory first              │                     │
╰─────────────────────╰ 1–35 of 137   ↑↓ scroll ─────────────────────────────────────────────────╯─────────────────────╯
↑↓ Move ↵ Actions / Filter Space Mark a Attach R Resume ? Help t New tab Tab Panel S Sort q Quit                ⧉ share
