---
source: src/ui/snapshot.rs
expression: screen
---
 1:Dashboard │ + Tab (t) ───────────────────────────────────────────── Settings
╭ Overview ────────────────────────────────────────────────────────────────────╮
│Live rate         $0.04                               ⡀  Models               │
│Today             $8.97                               ⡀  Sessions  4 · 2 live │
│This month        $0.00                               ⡀  Agent CPU   3.2%     │
│All time         $28.51 $0.00/day this month             Agent mem 592 MB     │
╰──────────────────────────────────────────────────────────────────────────────╯
╭ Sessions (4) ────────────────────────────────────────────────────────────────╮
│   LAST▲╭ New tab ───────────────────────────────────────────────────╮JECT    │
│●    now│   sh                                                       │ the ch…┃
│●     7m│ in procdb:~/src/▏                                          │        │
╰────────│   ~/src/api                                                │────────╯
╭ Info  P│   ~/src/cctop  not empty here — the mount would hide it    │ Context╮
│Root /us│   ~/src/web                                                │        │
│    PID │ Enter accept  Tab fill in  ↑/↓ pick  Esc cancel            │        │
│   4101 ╰────────────────────────────────────────────────────────────╯        │
│   4188    2.4%     44.0M  node mcp-server.js                                 │
│   4290    0.3%      8.0M  bash -c npm test                                   │
│                                                                              │
╰──────────────────────────────────────────────────────────────────────────────╯
╭ Limits ─────────────────────────────────────────────────────────── + account ╮
│Claude checking…                        Codex checking…                       │
╰──────────────────────────────────────────────────────────────────────────────╯
↑↓ Move ↵ Actions / Filter Space Mark a Attach R Resume ? Help          ⧉ share
