---
source: src/ui/snapshot.rs
expression: screen
---
 1:Dashboard │ + Tab (t)
╭ Overview ────────────────────────────────────────────────────────────────────────────────────────────────────────────╮
│Live rate         $0.04                               ⡀  Models    █████████ claude-opus-4-1 68% claude-sonnet-4-5 32%│
│Today             $8.97                               ⡀  Sessions  4 · 2 live · 3 in 24h                              │
│This month        $0.00                               ⡀  Agent CPU   3.2%                    ⡀                        │
│All time         $28.51 $0.00/day this month             Agent mem 592 MB · 2.5M in / 72.3K out                       │
╰──────────────────────────────────────────────────────────────────────────────────────────────────────────────────────╯
╭ Sessions (2/4) — idle ≥6h: 1 session, 180.0M reclaimable ────────────────────────────────────────────────────────────╮
│    LAST    DUR         $   CTX%   MEM▼ MODEL          HARNESS    PERM   ! HOST       PROFILE   BRANCH       PROJECT  │
│●     9h     0s    $18.42    90% 412.0M opus-4-1       ─          ─        local                ─            Fix the …│
│●     1d     0s     $2.87    29% 180.0M sonnet-4-5     ─          ─        local                ─            api      │
│                                                                                                                      │
│                                                                                                                      │
│                                                                                                                      │
│                                                                                                                      │
│                                                                                                                      │
│                                                                                                                      │
│                                                                                                                      │
│                                                                                                                      │
│                                                                                                                      │
│                                                                                                                      │
│                                                                                                                      │
╰──────────────────────────────────────────────────────────────────────────────────────────────────────────────────────╯
╭ Info  Performance  Processes  Tool Activity  Subagents  Cost  Config  Context  Preview  ─────────────────────────────╮
│Root /usr/bin/claude --model opus                                                                                     │
│    PID    CPU%       MEM  COMMAND                                                                                    │
│   4101    9.8%    360.0M  claude --model opus                                                                        │
│   4188    2.4%     44.0M  node mcp-server.js                                                                         │
│   4290    0.3%      8.0M  bash -c npm test                                                                           │
│                                                                                                                      │
│                                                                                                                      │
│                                                                                                                      │
│                                                                                                                      │
│                                                                                                                      │
│                                                                                                                      │
╰──────────────────────────────────────────────────────────────────────────────────────────────────────────────────────╯
╭ Limits ─────────────────────────────────────────────────────────────────────────────────────────────────── + account ╮
│Claude checking…                                            Codex checking…                                           │
╰──────────────────────────────────────────────────────────────────────────────────────────────────────────────────────╯
↑↓ Move ↵ Actions / Filter K Stop idle Space Mark I Back Esc Clear filter a Attach R Resume ? Help  Idle≥6h     ⧉ share
