---
source: src/ui/snapshot.rs
assertion_line: 346
expression: screen
---
 1:Dashboard │ + Tab (t)
╭ Overview ────────────────────────────────────────────────────────────────────╮
│Live rate         $0.04                               ⡀  Models               │
│Today             $8.97                               ⡀  Sessions  4 · 2 live │
│This month        $0.00                               ⡀  Agent CPU   3.2%     │
│All time         $28.51 $0.00/day this month             Agent mem 592 MB     │
╰──────────────────────────────────────────────────────────────────────────────╯
╭ Sessions (4) ────────────────────────────────────────────────────────────────╮
│   LAST▲         $ MODEL          PERM   ! HOST       BRANCH       PROJECT    │
│●    now    $18.42 opus-4-1       ─        local      ─            Fix the ch…┃
│●     7m     $2.87 sonnet-4-5     ─        local      ─            api        │
╰──────────────────────────────────────────────────────────────────────────────╯
╭ Info  Performance  Processes  Tool Activity  Subagents  Cost  Config  Context╮
│Root /usr/bin/claude --model opus                                             │
│    PID    CPU%       MEM  COMMAND                                            │
│   4101    9.8%    360.0M  claude --model opus                                │
│   4188    2.4%     44.0M  node mcp-server.js                                 │
│   4290    0.3%      8.0M  bash -c npm test                                   │
│                                                                              │
╰──────────────────────────────────────────────────────────────────────────────╯
╭ Limits ─────────────────────────────────────────────────────────── + account ╮
│Claude checking…                        Codex checking…                       │
╰──────────────────────────────────────────────────────────────────────────────╯
↑↓ Move ↵ Actions / Filter Space Mark a Attach R Resume ? Help          ⧉ share
